Component: ARM Compiler 5.06 (build 20) Tool: armlink [4d35a3]

==============================================================================

Section Cross References

    startup_stm32f10x_md.o(RESET) refers to startup_stm32f10x_md.o(STACK) for __initial_sp
    startup_stm32f10x_md.o(RESET) refers to startup_stm32f10x_md.o(.text) for Reset_Handler
    startup_stm32f10x_md.o(RESET) refers to stm32f10x_it.o(.text) for NMI_Handler
    startup_stm32f10x_md.o(RESET) refers to main.o(.text) for TIM3_IRQHandler
    startup_stm32f10x_md.o(RESET) refers to usart2.o(.text) for USART2_IRQHandler
    startup_stm32f10x_md.o(.text) refers to entry.o(.ARM.Collect$$$$00000000) for __main
    main.o(.text) refers to stm32f10x_usart.o(.text) for USART_ITConfig
    main.o(.text) refers to usart2.o(.text) for strcmp_str
    main.o(.text) refers to stm32f10x_gpio.o(.text) for GPIO_SetBits
    main.o(.text) refers to timer.o(.text) for Pulse_output
    main.o(.text) refers to seek.o(.text) for zeroback
    main.o(.text) refers to system_stm32f10x.o(.text) for SystemInit
    main.o(.text) refers to delay.o(.text) for delay_init
    main.o(.text) refers to sys.o(.text) for NVIC_Configuration
    main.o(.text) refers to usart.o(.text) for uart_init
    main.o(.text) refers to stm32f10x_tim.o(.text) for TIM_GetITStatus
    main.o(.text) refers to main.o(.bss) for RxBuffer
    main.o(.text) refers to main.o(.data) for speed
    timer.o(.text) refers to stm32f10x_rcc.o(.text) for RCC_APB1PeriphClockCmd
    timer.o(.text) refers to stm32f10x_tim.o(.text) for TIM_TimeBaseInit
    timer.o(.text) refers to misc.o(.text) for NVIC_Init
    timer.o(.text) refers to stm32f10x_gpio.o(.text) for GPIO_Init
    stm32f10x_tim.o(.text) refers to stm32f10x_rcc.o(.text) for RCC_APB2PeriphResetCmd
    stm32f10x_gpio.o(.text) refers to stm32f10x_rcc.o(.text) for RCC_APB2PeriphResetCmd
    stm32f10x_rcc.o(.text) refers to stm32f10x_rcc.o(.data) for APBAHBPrescTable
    stm32f10x_usart.o(.text) refers to stm32f10x_rcc.o(.text) for RCC_APB2PeriphResetCmd
    delay.o(.text) refers to misc.o(.text) for SysTick_CLKSourceConfig
    delay.o(.text) refers to delay.o(.data) for fac_us
    usart.o(.text) refers to stm32f10x_usart.o(.text) for USART_SendData
    usart.o(.text) refers to stm32f10x_rcc.o(.text) for RCC_APB2PeriphClockCmd
    usart.o(.text) refers to stm32f10x_gpio.o(.text) for GPIO_Init
    usart.o(.text) refers to misc.o(.text) for NVIC_Init
    sys.o(.text) refers to misc.o(.text) for NVIC_PriorityGroupConfig
    seek.o(.text) refers to stm32f10x_gpio.o(.text) for GPIO_ResetBits
    seek.o(.text) refers to timer.o(.text) for Pulse_output
    seek.o(.text) refers to delay.o(.text) for delay_ms
    seek.o(.text) refers to stm32f10x_rcc.o(.text) for RCC_APB2PeriphClockCmd
    seek.o(.text) refers to misc.o(.text) for NVIC_PriorityGroupConfig
    seek.o(.text) refers to stm32f10x_exti.o(.text) for EXTI_Init
    seek.o(.text) refers to main.o(.data) for speed
    usart2.o(.text) refers to stm32f10x_rcc.o(.text) for RCC_APB2PeriphClockCmd
    usart2.o(.text) refers to stm32f10x_gpio.o(.text) for GPIO_Init
    usart2.o(.text) refers to misc.o(.text) for NVIC_Init
    usart2.o(.text) refers to stm32f10x_usart.o(.text) for USART_Init
    usart2.o(.text) refers to main.o(.bss) for RxBuffer
    usart2.o(.text) refers to main.o(.data) for RxCount
    entry.o(.ARM.Collect$$$$00000000) refers (Special) to entry10a.o(.ARM.Collect$$$$0000000D) for __rt_final_cpp
    entry.o(.ARM.Collect$$$$00000000) refers (Special) to entry11a.o(.ARM.Collect$$$$0000000F) for __rt_final_exit
    entry.o(.ARM.Collect$$$$00000000) refers (Special) to entry7b.o(.ARM.Collect$$$$00000008) for _main_clock
    entry.o(.ARM.Collect$$$$00000000) refers (Special) to entry8b.o(.ARM.Collect$$$$0000000A) for _main_cpp_init
    entry.o(.ARM.Collect$$$$00000000) refers (Special) to entry9a.o(.ARM.Collect$$$$0000000B) for _main_init
    entry.o(.ARM.Collect$$$$00000000) refers (Special) to entry5.o(.ARM.Collect$$$$00000004) for _main_scatterload
    entry.o(.ARM.Collect$$$$00000000) refers (Special) to entry2.o(.ARM.Collect$$$$00000001) for _main_stk
    entry2.o(.ARM.Collect$$$$00000001) refers to entry2.o(.ARM.Collect$$$$00002712) for __lit__00000000
    entry2.o(.ARM.Collect$$$$00002712) refers to startup_stm32f10x_md.o(STACK) for __initial_sp
    entry2.o(__vectab_stack_and_reset_area) refers to startup_stm32f10x_md.o(STACK) for __initial_sp
    entry2.o(__vectab_stack_and_reset_area) refers to entry.o(.ARM.Collect$$$$00000000) for __main
    entry5.o(.ARM.Collect$$$$00000004) refers to init.o(.text) for __scatterload
    entry9a.o(.ARM.Collect$$$$0000000B) refers to main.o(.text) for main
    entry9b.o(.ARM.Collect$$$$0000000C) refers to main.o(.text) for main
    init.o(.text) refers to entry5.o(.ARM.Collect$$$$00000004) for __main_after_scatterload


==============================================================================

Removing Unused input sections from the image.

    Removing startup_stm32f10x_md.o(HEAP), (0 bytes).
    Removing stm32f10x_flash.o(.text), (1324 bytes).
    Removing core_cm3.o(.emb_text), (32 bytes).
    Removing system_stm32f10x.o(.constdata), (20 bytes).
    Removing usart.o(.bss), (64 bytes).
    Removing usart.o(.data), (5 bytes).

6 unused section(s) (total 1445 bytes) removed from the image.

==============================================================================

Image Symbol Table

    Local Symbols

    Symbol Name                              Value     Ov Type        Size  Object(Section)

    ../clib/microlib/init/entry.s            0x00000000   Number         0  entry10b.o ABSOLUTE
    ../clib/microlib/init/entry.s            0x00000000   Number         0  entry11b.o ABSOLUTE
    ../clib/microlib/init/entry.s            0x00000000   Number         0  entry8b.o ABSOLUTE
    ../clib/microlib/init/entry.s            0x00000000   Number         0  entry11a.o ABSOLUTE
    ../clib/microlib/init/entry.s            0x00000000   Number         0  entry8a.o ABSOLUTE
    ../clib/microlib/init/entry.s            0x00000000   Number         0  entry10a.o ABSOLUTE
    ../clib/microlib/init/entry.s            0x00000000   Number         0  entry9b.o ABSOLUTE
    ../clib/microlib/init/entry.s            0x00000000   Number         0  entry2.o ABSOLUTE
    ../clib/microlib/init/entry.s            0x00000000   Number         0  entry7b.o ABSOLUTE
    ../clib/microlib/init/entry.s            0x00000000   Number         0  entry7a.o ABSOLUTE
    ../clib/microlib/init/entry.s            0x00000000   Number         0  entry9a.o ABSOLUTE
    ../clib/microlib/init/entry.s            0x00000000   Number         0  entry5.o ABSOLUTE
    ../clib/microlib/init/entry.s            0x00000000   Number         0  entry.o ABSOLUTE
    ../clib/microlib/stubs.s                 0x00000000   Number         0  useno.o ABSOLUTE
    ..\CMSIS\core_cm3.c                      0x00000000   Number         0  core_cm3.o ABSOLUTE
    ..\CMSIS\startup\startup_stm32f10x_md.s  0x00000000   Number         0  startup_stm32f10x_md.o ABSOLUTE
    ..\CMSIS\system_stm32f10x.c              0x00000000   Number         0  system_stm32f10x.o ABSOLUTE
    ..\FWlib\src\misc.c                      0x00000000   Number         0  misc.o ABSOLUTE
    ..\FWlib\src\stm32f10x_exti.c            0x00000000   Number         0  stm32f10x_exti.o ABSOLUTE
    ..\FWlib\src\stm32f10x_flash.c           0x00000000   Number         0  stm32f10x_flash.o ABSOLUTE
    ..\FWlib\src\stm32f10x_gpio.c            0x00000000   Number         0  stm32f10x_gpio.o ABSOLUTE
    ..\FWlib\src\stm32f10x_rcc.c             0x00000000   Number         0  stm32f10x_rcc.o ABSOLUTE
    ..\FWlib\src\stm32f10x_tim.c             0x00000000   Number         0  stm32f10x_tim.o ABSOLUTE
    ..\FWlib\src\stm32f10x_usart.c           0x00000000   Number         0  stm32f10x_usart.o ABSOLUTE
    ..\SYSTEM\delay\delay.c                  0x00000000   Number         0  delay.o ABSOLUTE
    ..\SYSTEM\seek\seek.c                    0x00000000   Number         0  seek.o ABSOLUTE
    ..\SYSTEM\sys\sys.c                      0x00000000   Number         0  sys.o ABSOLUTE
    ..\SYSTEM\usart\usart.c                  0x00000000   Number         0  usart.o ABSOLUTE
    ..\SYSTEM\usart\usart2.c                 0x00000000   Number         0  usart2.o ABSOLUTE
    ..\\CMSIS\\core_cm3.c                    0x00000000   Number         0  core_cm3.o ABSOLUTE
    dc.s                                     0x00000000   Number         0  dc.o ABSOLUTE
    handlers.s                               0x00000000   Number         0  handlers.o ABSOLUTE
    init.s                                   0x00000000   Number         0  init.o ABSOLUTE
    main.c                                   0x00000000   Number         0  main.o ABSOLUTE
    stm32f10x_it.c                           0x00000000   Number         0  stm32f10x_it.o ABSOLUTE
    timer.c                                  0x00000000   Number         0  timer.o ABSOLUTE
    RESET                                    0x08000000   Section      236  startup_stm32f10x_md.o(RESET)
    .ARM.Collect$$$$00000000                 0x080000ec   Section        0  entry.o(.ARM.Collect$$$$00000000)
    .ARM.Collect$$$$00000001                 0x080000ec   Section        4  entry2.o(.ARM.Collect$$$$00000001)
    .ARM.Collect$$$$00000004                 0x080000f0   Section        4  entry5.o(.ARM.Collect$$$$00000004)
    .ARM.Collect$$$$00000008                 0x080000f4   Section        0  entry7b.o(.ARM.Collect$$$$00000008)
    .ARM.Collect$$$$0000000A                 0x080000f4   Section        0  entry8b.o(.ARM.Collect$$$$0000000A)
    .ARM.Collect$$$$0000000B                 0x080000f4   Section        8  entry9a.o(.ARM.Collect$$$$0000000B)
    .ARM.Collect$$$$0000000D                 0x080000fc   Section        0  entry10a.o(.ARM.Collect$$$$0000000D)
    .ARM.Collect$$$$0000000F                 0x080000fc   Section        0  entry11a.o(.ARM.Collect$$$$0000000F)
    .ARM.Collect$$$$00002712                 0x080000fc   Section        4  entry2.o(.ARM.Collect$$$$00002712)
    __lit__00000000                          0x080000fc   Data           4  entry2.o(.ARM.Collect$$$$00002712)
    .text                                    0x08000100   Section       28  startup_stm32f10x_md.o(.text)
    .text                                    0x0800011c   Section        0  main.o(.text)
    .text                                    0x08000430   Section        0  stm32f10x_it.o(.text)
    .text                                    0x0800044c   Section        0  timer.o(.text)
    .text                                    0x08000608   Section        0  misc.o(.text)
    .text                                    0x080006e4   Section        0  stm32f10x_tim.o(.text)
    TI4_Config                               0x08000a03   Thumb Code    82  stm32f10x_tim.o(.text)
    TI3_Config                               0x08000a67   Thumb Code    72  stm32f10x_tim.o(.text)
    TI2_Config                               0x08000ad9   Thumb Code    80  stm32f10x_tim.o(.text)
    TI1_Config                               0x08000b3b   Thumb Code    56  stm32f10x_tim.o(.text)
    .text                                    0x080012ac   Section        0  stm32f10x_gpio.o(.text)
    .text                                    0x080015dc   Section        0  stm32f10x_rcc.o(.text)
    .text                                    0x0800197c   Section        0  stm32f10x_usart.o(.text)
    .text                                    0x08001cec   Section        0  stm32f10x_exti.o(.text)
    .text                                    0x08001e2c   Section        0  system_stm32f10x.o(.text)
    SetSysClockTo72                          0x08001e2d   Thumb Code   220  system_stm32f10x.o(.text)
    SetSysClock                              0x08001f09   Thumb Code     8  system_stm32f10x.o(.text)
    .text                                    0x08001f64   Section        0  delay.o(.text)
    .text                                    0x08002010   Section        0  usart.o(.text)
    .text                                    0x080020d4   Section        0  sys.o(.text)
    .text                                    0x080020e0   Section        0  seek.o(.text)
    .text                                    0x080021d4   Section        0  usart2.o(.text)
    .text                                    0x0800235c   Section       36  init.o(.text)
    i.__scatterload_copy                     0x08002380   Section       14  handlers.o(i.__scatterload_copy)
    i.__scatterload_null                     0x0800238e   Section        2  handlers.o(i.__scatterload_null)
    i.__scatterload_zeroinit                 0x08002390   Section       14  handlers.o(i.__scatterload_zeroinit)
    .data                                    0x20000000   Section       14  main.o(.data)
    .data                                    0x2000000e   Section       20  stm32f10x_rcc.o(.data)
    APBAHBPrescTable                         0x2000000e   Data          16  stm32f10x_rcc.o(.data)
    ADCPrescTable                            0x2000001e   Data           4  stm32f10x_rcc.o(.data)
    .data                                    0x20000022   Section        4  delay.o(.data)
    fac_us                                   0x20000022   Data           1  delay.o(.data)
    fac_ms                                   0x20000024   Data           2  delay.o(.data)
    .bss                                     0x20000028   Section       15  main.o(.bss)
    STACK                                    0x20000038   Section      512  startup_stm32f10x_md.o(STACK)

    Global Symbols

    Symbol Name                              Value     Ov Type        Size  Object(Section)

    BuildAttributes$$THM_ISAv4$P$D$K$B$S$PE$A:L22UL41UL21$X:L11$S22US41US21$IEEE1$IW$USESV6$~STKCKD$USESV7$~SHL$OSPACE$EBA8$MICROLIB$REQ8$PRES8$EABIv2 0x00000000   Number         0  anon$$obj.o ABSOLUTE
    __ARM_use_no_argv                        0x00000000   Number         0  main.o ABSOLUTE
    __use_no_errno                           0x00000000   Number         0  useno.o ABSOLUTE
    __use_no_exception_handling              0x00000000   Number         0  useno.o ABSOLUTE
    __use_no_fp                              0x00000000   Number         0  useno.o ABSOLUTE
    __use_no_heap                            0x00000000   Number         0  useno.o ABSOLUTE
    __use_no_heap_region                     0x00000000   Number         0  useno.o ABSOLUTE
    __use_no_semihosting                     0x00000000   Number         0  useno.o ABSOLUTE
    __use_no_semihosting_swi                 0x00000000   Number         0  useno.o ABSOLUTE
    __use_no_signal_handling                 0x00000000   Number         0  useno.o ABSOLUTE
    __cpp_initialize__aeabi_                  - Undefined Weak Reference
    __cxa_finalize                            - Undefined Weak Reference
    __decompress                              - Undefined Weak Reference
    _clock_init                               - Undefined Weak Reference
    _microlib_exit                            - Undefined Weak Reference
    __Vectors_Size                           0x000000ec   Number         0  startup_stm32f10x_md.o ABSOLUTE
    __Vectors                                0x08000000   Data           4  startup_stm32f10x_md.o(RESET)
    __Vectors_End                            0x080000ec   Data           0  startup_stm32f10x_md.o(RESET)
    __main                                   0x080000ed   Thumb Code     0  entry.o(.ARM.Collect$$$$00000000)
    _main_stk                                0x080000ed   Thumb Code     0  entry2.o(.ARM.Collect$$$$00000001)
    _main_scatterload                        0x080000f1   Thumb Code     0  entry5.o(.ARM.Collect$$$$00000004)
    __main_after_scatterload                 0x080000f5   Thumb Code     0  entry5.o(.ARM.Collect$$$$00000004)
    _main_clock                              0x080000f5   Thumb Code     0  entry7b.o(.ARM.Collect$$$$00000008)
    _main_cpp_init                           0x080000f5   Thumb Code     0  entry8b.o(.ARM.Collect$$$$0000000A)
    _main_init                               0x080000f5   Thumb Code     0  entry9a.o(.ARM.Collect$$$$0000000B)
    __rt_final_cpp                           0x080000fd   Thumb Code     0  entry10a.o(.ARM.Collect$$$$0000000D)
    __rt_final_exit                          0x080000fd   Thumb Code     0  entry11a.o(.ARM.Collect$$$$0000000F)
    Reset_Handler                            0x08000101   Thumb Code     4  startup_stm32f10x_md.o(.text)
    ADC1_2_IRQHandler                        0x08000117   Thumb Code     0  startup_stm32f10x_md.o(.text)
    CAN1_RX1_IRQHandler                      0x08000117   Thumb Code     0  startup_stm32f10x_md.o(.text)
    CAN1_SCE_IRQHandler                      0x08000117   Thumb Code     0  startup_stm32f10x_md.o(.text)
    DMA1_Channel1_IRQHandler                 0x08000117   Thumb Code     0  startup_stm32f10x_md.o(.text)
    DMA1_Channel2_IRQHandler                 0x08000117   Thumb Code     0  startup_stm32f10x_md.o(.text)
    DMA1_Channel3_IRQHandler                 0x08000117   Thumb Code     0  startup_stm32f10x_md.o(.text)
    DMA1_Channel4_IRQHandler                 0x08000117   Thumb Code     0  startup_stm32f10x_md.o(.text)
    DMA1_Channel5_IRQHandler                 0x08000117   Thumb Code     0  startup_stm32f10x_md.o(.text)
    DMA1_Channel6_IRQHandler                 0x08000117   Thumb Code     0  startup_stm32f10x_md.o(.text)
    DMA1_Channel7_IRQHandler                 0x08000117   Thumb Code     0  startup_stm32f10x_md.o(.text)
    EXTI0_IRQHandler                         0x08000117   Thumb Code     0  startup_stm32f10x_md.o(.text)
    EXTI15_10_IRQHandler                     0x08000117   Thumb Code     0  startup_stm32f10x_md.o(.text)
    EXTI1_IRQHandler                         0x08000117   Thumb Code     0  startup_stm32f10x_md.o(.text)
    EXTI2_IRQHandler                         0x08000117   Thumb Code     0  startup_stm32f10x_md.o(.text)
    EXTI3_IRQHandler                         0x08000117   Thumb Code     0  startup_stm32f10x_md.o(.text)
    EXTI4_IRQHandler                         0x08000117   Thumb Code     0  startup_stm32f10x_md.o(.text)
    EXTI9_5_IRQHandler                       0x08000117   Thumb Code     0  startup_stm32f10x_md.o(.text)
    FLASH_IRQHandler                         0x08000117   Thumb Code     0  startup_stm32f10x_md.o(.text)
    I2C1_ER_IRQHandler                       0x08000117   Thumb Code     0  startup_stm32f10x_md.o(.text)
    I2C1_EV_IRQHandler                       0x08000117   Thumb Code     0  startup_stm32f10x_md.o(.text)
    I2C2_ER_IRQHandler                       0x08000117   Thumb Code     0  startup_stm32f10x_md.o(.text)
    I2C2_EV_IRQHandler                       0x08000117   Thumb Code     0  startup_stm32f10x_md.o(.text)
    PVD_IRQHandler                           0x08000117   Thumb Code     0  startup_stm32f10x_md.o(.text)
    RCC_IRQHandler                           0x08000117   Thumb Code     0  startup_stm32f10x_md.o(.text)
    RTCAlarm_IRQHandler                      0x08000117   Thumb Code     0  startup_stm32f10x_md.o(.text)
    RTC_IRQHandler                           0x08000117   Thumb Code     0  startup_stm32f10x_md.o(.text)
    SPI1_IRQHandler                          0x08000117   Thumb Code     0  startup_stm32f10x_md.o(.text)
    SPI2_IRQHandler                          0x08000117   Thumb Code     0  startup_stm32f10x_md.o(.text)
    TAMPER_IRQHandler                        0x08000117   Thumb Code     0  startup_stm32f10x_md.o(.text)
    TIM1_BRK_IRQHandler                      0x08000117   Thumb Code     0  startup_stm32f10x_md.o(.text)
    TIM1_CC_IRQHandler                       0x08000117   Thumb Code     0  startup_stm32f10x_md.o(.text)
    TIM1_TRG_COM_IRQHandler                  0x08000117   Thumb Code     0  startup_stm32f10x_md.o(.text)
    TIM1_UP_IRQHandler                       0x08000117   Thumb Code     0  startup_stm32f10x_md.o(.text)
    TIM2_IRQHandler                          0x08000117   Thumb Code     0  startup_stm32f10x_md.o(.text)
    USART1_IRQHandler                        0x08000117   Thumb Code     0  startup_stm32f10x_md.o(.text)
    USART3_IRQHandler                        0x08000117   Thumb Code     0  startup_stm32f10x_md.o(.text)
    USBWakeUp_IRQHandler                     0x08000117   Thumb Code     0  startup_stm32f10x_md.o(.text)
    USB_HP_CAN1_TX_IRQHandler                0x08000117   Thumb Code     0  startup_stm32f10x_md.o(.text)
    USB_LP_CAN1_RX0_IRQHandler               0x08000117   Thumb Code     0  startup_stm32f10x_md.o(.text)
    WWDG_IRQHandler                          0x08000117   Thumb Code     0  startup_stm32f10x_md.o(.text)
    ZERO_Set_Int                             0x0800011d   Thumb Code    46  main.o(.text)
    usart2_receivestart                      0x0800014b   Thumb Code    34  main.o(.text)
    UsartRece_Data                           0x0800016d   Thumb Code   258  main.o(.text)
    main                                     0x0800026f   Thumb Code   180  main.o(.text)
    TIM3_IRQHandler                          0x08000323   Thumb Code    76  main.o(.text)
    TIM4_IRQHandler                          0x0800036f   Thumb Code    88  main.o(.text)
    NMI_Handler                              0x08000431   Thumb Code     2  stm32f10x_it.o(.text)
    HardFault_Handler                        0x08000433   Thumb Code     4  stm32f10x_it.o(.text)
    MemManage_Handler                        0x08000437   Thumb Code     4  stm32f10x_it.o(.text)
    BusFault_Handler                         0x0800043b   Thumb Code     4  stm32f10x_it.o(.text)
    UsageFault_Handler                       0x0800043f   Thumb Code     4  stm32f10x_it.o(.text)
    SVC_Handler                              0x08000443   Thumb Code     2  stm32f10x_it.o(.text)
    DebugMon_Handler                         0x08000445   Thumb Code     2  stm32f10x_it.o(.text)
    PendSV_Handler                           0x08000447   Thumb Code     2  stm32f10x_it.o(.text)
    SysTick_Handler                          0x08000449   Thumb Code     2  stm32f10x_it.o(.text)
    TIM4_Int_Init                            0x0800044d   Thumb Code    90  timer.o(.text)
    TIM2_config                              0x080004a7   Thumb Code   154  timer.o(.text)
    TIM3_config                              0x08000541   Thumb Code   114  timer.o(.text)
    Pulse_output                             0x080005b3   Thumb Code    54  timer.o(.text)
    Scan_back                                0x080005e9   Thumb Code    20  timer.o(.text)
    NVIC_PriorityGroupConfig                 0x08000609   Thumb Code    10  misc.o(.text)
    NVIC_Init                                0x08000613   Thumb Code   100  misc.o(.text)
    NVIC_SetVectorTable                      0x08000677   Thumb Code    14  misc.o(.text)
    NVIC_SystemLPConfig                      0x08000685   Thumb Code    34  misc.o(.text)
    SysTick_CLKSourceConfig                  0x080006a7   Thumb Code    40  misc.o(.text)
    TIM_DeInit                               0x080006e5   Thumb Code   214  stm32f10x_tim.o(.text)
    TIM_TimeBaseInit                         0x080007bb   Thumb Code    50  stm32f10x_tim.o(.text)
    TIM_OC1Init                              0x080007ed   Thumb Code   110  stm32f10x_tim.o(.text)
    TIM_OC2Init                              0x0800085b   Thumb Code   148  stm32f10x_tim.o(.text)
    TIM_OC3Init                              0x080008ef   Thumb Code   144  stm32f10x_tim.o(.text)
    TIM_OC4Init                              0x0800097f   Thumb Code   106  stm32f10x_tim.o(.text)
    TIM_SetIC4Prescaler                      0x080009e9   Thumb Code    26  stm32f10x_tim.o(.text)
    TIM_SetIC3Prescaler                      0x08000a55   Thumb Code    18  stm32f10x_tim.o(.text)
    TIM_SetIC2Prescaler                      0x08000aaf   Thumb Code    42  stm32f10x_tim.o(.text)
    TIM_SetIC1Prescaler                      0x08000b29   Thumb Code    18  stm32f10x_tim.o(.text)
    TIM_ICInit                               0x08000b73   Thumb Code   110  stm32f10x_tim.o(.text)
    TIM_PWMIConfig                           0x08000be1   Thumb Code   124  stm32f10x_tim.o(.text)
    TIM_BDTRConfig                           0x08000c5d   Thumb Code    32  stm32f10x_tim.o(.text)
    TIM_TimeBaseStructInit                   0x08000c7d   Thumb Code    18  stm32f10x_tim.o(.text)
    TIM_OCStructInit                         0x08000c8f   Thumb Code    20  stm32f10x_tim.o(.text)
    TIM_ICStructInit                         0x08000ca3   Thumb Code    18  stm32f10x_tim.o(.text)
    TIM_BDTRStructInit                       0x08000cb5   Thumb Code    18  stm32f10x_tim.o(.text)
    TIM_Cmd                                  0x08000cc7   Thumb Code    24  stm32f10x_tim.o(.text)
    TIM_CtrlPWMOutputs                       0x08000cdf   Thumb Code    30  stm32f10x_tim.o(.text)
    TIM_ITConfig                             0x08000cfd   Thumb Code    18  stm32f10x_tim.o(.text)
    TIM_GenerateEvent                        0x08000d0f   Thumb Code     4  stm32f10x_tim.o(.text)
    TIM_DMAConfig                            0x08000d13   Thumb Code    10  stm32f10x_tim.o(.text)
    TIM_DMACmd                               0x08000d1d   Thumb Code    18  stm32f10x_tim.o(.text)
    TIM_InternalClockConfig                  0x08000d2f   Thumb Code    12  stm32f10x_tim.o(.text)
    TIM_SelectInputTrigger                   0x08000d3b   Thumb Code    18  stm32f10x_tim.o(.text)
    TIM_ITRxExternalClockConfig              0x08000d4d   Thumb Code    24  stm32f10x_tim.o(.text)
    TIM_TIxExternalClockConfig               0x08000d65   Thumb Code    62  stm32f10x_tim.o(.text)
    TIM_ETRConfig                            0x08000da3   Thumb Code    30  stm32f10x_tim.o(.text)
    TIM_ETRClockMode1Config                  0x08000dc1   Thumb Code    54  stm32f10x_tim.o(.text)
    TIM_ETRClockMode2Config                  0x08000df7   Thumb Code    32  stm32f10x_tim.o(.text)
    TIM_PrescalerConfig                      0x08000e17   Thumb Code     6  stm32f10x_tim.o(.text)
    TIM_CounterModeConfig                    0x08000e1d   Thumb Code    18  stm32f10x_tim.o(.text)
    TIM_EncoderInterfaceConfig               0x08000e2f   Thumb Code    66  stm32f10x_tim.o(.text)
    TIM_ForcedOC1Config                      0x08000e71   Thumb Code    18  stm32f10x_tim.o(.text)
    TIM_ForcedOC2Config                      0x08000e83   Thumb Code    26  stm32f10x_tim.o(.text)
    TIM_ForcedOC3Config                      0x08000e9d   Thumb Code    18  stm32f10x_tim.o(.text)
    TIM_ForcedOC4Config                      0x08000eaf   Thumb Code    26  stm32f10x_tim.o(.text)
    TIM_ARRPreloadConfig                     0x08000ec9   Thumb Code    24  stm32f10x_tim.o(.text)
    TIM_SelectCOM                            0x08000ee1   Thumb Code    24  stm32f10x_tim.o(.text)
    TIM_SelectCCDMA                          0x08000ef9   Thumb Code    24  stm32f10x_tim.o(.text)
    TIM_CCPreloadControl                     0x08000f11   Thumb Code    24  stm32f10x_tim.o(.text)
    TIM_OC1PreloadConfig                     0x08000f29   Thumb Code    18  stm32f10x_tim.o(.text)
    TIM_OC2PreloadConfig                     0x08000f3b   Thumb Code    26  stm32f10x_tim.o(.text)
    TIM_OC3PreloadConfig                     0x08000f55   Thumb Code    18  stm32f10x_tim.o(.text)
    TIM_OC4PreloadConfig                     0x08000f67   Thumb Code    26  stm32f10x_tim.o(.text)
    TIM_OC1FastConfig                        0x08000f81   Thumb Code    18  stm32f10x_tim.o(.text)
    TIM_OC2FastConfig                        0x08000f93   Thumb Code    26  stm32f10x_tim.o(.text)
    TIM_OC3FastConfig                        0x08000fad   Thumb Code    18  stm32f10x_tim.o(.text)
    TIM_OC4FastConfig                        0x08000fbf   Thumb Code    26  stm32f10x_tim.o(.text)
    TIM_ClearOC1Ref                          0x08000fd9   Thumb Code    18  stm32f10x_tim.o(.text)
    TIM_ClearOC2Ref                          0x08000feb   Thumb Code    24  stm32f10x_tim.o(.text)
    TIM_ClearOC3Ref                          0x08001003   Thumb Code    18  stm32f10x_tim.o(.text)
    TIM_ClearOC4Ref                          0x08001015   Thumb Code    24  stm32f10x_tim.o(.text)
    TIM_OC1PolarityConfig                    0x0800102d   Thumb Code    18  stm32f10x_tim.o(.text)
    TIM_OC1NPolarityConfig                   0x0800103f   Thumb Code    18  stm32f10x_tim.o(.text)
    TIM_OC2PolarityConfig                    0x08001051   Thumb Code    26  stm32f10x_tim.o(.text)
    TIM_OC2NPolarityConfig                   0x0800106b   Thumb Code    26  stm32f10x_tim.o(.text)
    TIM_OC3PolarityConfig                    0x08001085   Thumb Code    26  stm32f10x_tim.o(.text)
    TIM_OC3NPolarityConfig                   0x0800109f   Thumb Code    26  stm32f10x_tim.o(.text)
    TIM_OC4PolarityConfig                    0x080010b9   Thumb Code    26  stm32f10x_tim.o(.text)
    TIM_CCxCmd                               0x080010d3   Thumb Code    26  stm32f10x_tim.o(.text)
    TIM_CCxNCmd                              0x080010ed   Thumb Code    26  stm32f10x_tim.o(.text)
    TIM_SelectOCxM                           0x08001107   Thumb Code   134  stm32f10x_tim.o(.text)
    TIM_UpdateDisableConfig                  0x0800118d   Thumb Code    24  stm32f10x_tim.o(.text)
    TIM_UpdateRequestConfig                  0x080011a5   Thumb Code    24  stm32f10x_tim.o(.text)
    TIM_SelectHallSensor                     0x080011bd   Thumb Code    24  stm32f10x_tim.o(.text)
    TIM_SelectOnePulseMode                   0x080011d5   Thumb Code    18  stm32f10x_tim.o(.text)
    TIM_SelectOutputTrigger                  0x080011e7   Thumb Code    18  stm32f10x_tim.o(.text)
    TIM_SelectSlaveMode                      0x080011f9   Thumb Code    18  stm32f10x_tim.o(.text)
    TIM_SelectMasterSlaveMode                0x0800120b   Thumb Code    18  stm32f10x_tim.o(.text)
    TIM_SetCounter                           0x0800121d   Thumb Code     4  stm32f10x_tim.o(.text)
    TIM_SetAutoreload                        0x08001221   Thumb Code     4  stm32f10x_tim.o(.text)
    TIM_SetCompare1                          0x08001225   Thumb Code     4  stm32f10x_tim.o(.text)
    TIM_SetCompare2                          0x08001229   Thumb Code     4  stm32f10x_tim.o(.text)
    TIM_SetCompare3                          0x0800122d   Thumb Code     4  stm32f10x_tim.o(.text)
    TIM_SetCompare4                          0x08001231   Thumb Code     6  stm32f10x_tim.o(.text)
    TIM_SetClockDivision                     0x08001237   Thumb Code    14  stm32f10x_tim.o(.text)
    TIM_GetCapture1                          0x08001245   Thumb Code     6  stm32f10x_tim.o(.text)
    TIM_GetCapture2                          0x0800124b   Thumb Code     6  stm32f10x_tim.o(.text)
    TIM_GetCapture3                          0x08001251   Thumb Code     6  stm32f10x_tim.o(.text)
    TIM_GetCapture4                          0x08001257   Thumb Code     8  stm32f10x_tim.o(.text)
    TIM_GetCounter                           0x0800125f   Thumb Code     6  stm32f10x_tim.o(.text)
    TIM_GetPrescaler                         0x08001265   Thumb Code     6  stm32f10x_tim.o(.text)
    TIM_GetFlagStatus                        0x0800126b   Thumb Code    18  stm32f10x_tim.o(.text)
    TIM_ClearFlag                            0x0800127d   Thumb Code     6  stm32f10x_tim.o(.text)
    TIM_GetITStatus                          0x08001283   Thumb Code    34  stm32f10x_tim.o(.text)
    TIM_ClearITPendingBit                    0x080012a5   Thumb Code     6  stm32f10x_tim.o(.text)
    GPIO_DeInit                              0x080012ad   Thumb Code   188  stm32f10x_gpio.o(.text)
    GPIO_AFIODeInit                          0x08001369   Thumb Code    20  stm32f10x_gpio.o(.text)
    GPIO_Init                                0x0800137d   Thumb Code   278  stm32f10x_gpio.o(.text)
    GPIO_StructInit                          0x08001493   Thumb Code    16  stm32f10x_gpio.o(.text)
    GPIO_ReadInputDataBit                    0x080014a3   Thumb Code    18  stm32f10x_gpio.o(.text)
    GPIO_ReadInputData                       0x080014b5   Thumb Code     8  stm32f10x_gpio.o(.text)
    GPIO_ReadOutputDataBit                   0x080014bd   Thumb Code    18  stm32f10x_gpio.o(.text)
    GPIO_ReadOutputData                      0x080014cf   Thumb Code     8  stm32f10x_gpio.o(.text)
    GPIO_SetBits                             0x080014d7   Thumb Code     4  stm32f10x_gpio.o(.text)
    GPIO_ResetBits                           0x080014db   Thumb Code     4  stm32f10x_gpio.o(.text)
    GPIO_WriteBit                            0x080014df   Thumb Code    10  stm32f10x_gpio.o(.text)
    GPIO_Write                               0x080014e9   Thumb Code     4  stm32f10x_gpio.o(.text)
    GPIO_PinLockConfig                       0x080014ed   Thumb Code    18  stm32f10x_gpio.o(.text)
    GPIO_EventOutputConfig                   0x080014ff   Thumb Code    26  stm32f10x_gpio.o(.text)
    GPIO_EventOutputCmd                      0x08001519   Thumb Code     6  stm32f10x_gpio.o(.text)
    GPIO_PinRemapConfig                      0x0800151f   Thumb Code   106  stm32f10x_gpio.o(.text)
    GPIO_EXTILineConfig                      0x08001589   Thumb Code    66  stm32f10x_gpio.o(.text)
    RCC_DeInit                               0x080015dd   Thumb Code    62  stm32f10x_rcc.o(.text)
    RCC_HSEConfig                            0x0800161b   Thumb Code    70  stm32f10x_rcc.o(.text)
    RCC_GetFlagStatus                        0x08001661   Thumb Code    56  stm32f10x_rcc.o(.text)
    RCC_WaitForHSEStartUp                    0x08001699   Thumb Code    54  stm32f10x_rcc.o(.text)
    RCC_AdjustHSICalibrationValue            0x080016cf   Thumb Code    20  stm32f10x_rcc.o(.text)
    RCC_HSICmd                               0x080016e3   Thumb Code     6  stm32f10x_rcc.o(.text)
    RCC_PLLConfig                            0x080016e9   Thumb Code    24  stm32f10x_rcc.o(.text)
    RCC_PLLCmd                               0x08001701   Thumb Code     6  stm32f10x_rcc.o(.text)
    RCC_SYSCLKConfig                         0x08001707   Thumb Code    18  stm32f10x_rcc.o(.text)
    RCC_GetSYSCLKSource                      0x08001719   Thumb Code    10  stm32f10x_rcc.o(.text)
    RCC_HCLKConfig                           0x08001723   Thumb Code    18  stm32f10x_rcc.o(.text)
    RCC_PCLK1Config                          0x08001735   Thumb Code    18  stm32f10x_rcc.o(.text)
    RCC_PCLK2Config                          0x08001747   Thumb Code    20  stm32f10x_rcc.o(.text)
    RCC_ITConfig                             0x0800175b   Thumb Code    26  stm32f10x_rcc.o(.text)
    RCC_USBCLKConfig                         0x08001775   Thumb Code     8  stm32f10x_rcc.o(.text)
    RCC_ADCCLKConfig                         0x0800177d   Thumb Code    18  stm32f10x_rcc.o(.text)
    RCC_LSEConfig                            0x0800178f   Thumb Code    50  stm32f10x_rcc.o(.text)
    RCC_LSICmd                               0x080017c1   Thumb Code     6  stm32f10x_rcc.o(.text)
    RCC_RTCCLKConfig                         0x080017c7   Thumb Code    12  stm32f10x_rcc.o(.text)
    RCC_RTCCLKCmd                            0x080017d3   Thumb Code     8  stm32f10x_rcc.o(.text)
    RCC_GetClocksFreq                        0x080017db   Thumb Code   192  stm32f10x_rcc.o(.text)
    RCC_AHBPeriphClockCmd                    0x0800189b   Thumb Code    26  stm32f10x_rcc.o(.text)
    RCC_APB2PeriphClockCmd                   0x080018b5   Thumb Code    26  stm32f10x_rcc.o(.text)
    RCC_APB1PeriphClockCmd                   0x080018cf   Thumb Code    26  stm32f10x_rcc.o(.text)
    RCC_APB2PeriphResetCmd                   0x080018e9   Thumb Code    26  stm32f10x_rcc.o(.text)
    RCC_APB1PeriphResetCmd                   0x08001903   Thumb Code    26  stm32f10x_rcc.o(.text)
    RCC_BackupResetCmd                       0x0800191d   Thumb Code     8  stm32f10x_rcc.o(.text)
    RCC_ClockSecuritySystemCmd               0x08001925   Thumb Code     6  stm32f10x_rcc.o(.text)
    RCC_MCOConfig                            0x0800192b   Thumb Code     6  stm32f10x_rcc.o(.text)
    RCC_ClearFlag                            0x08001931   Thumb Code    14  stm32f10x_rcc.o(.text)
    RCC_GetITStatus                          0x0800193f   Thumb Code    20  stm32f10x_rcc.o(.text)
    RCC_ClearITPendingBit                    0x08001953   Thumb Code     6  stm32f10x_rcc.o(.text)
    USART_DeInit                             0x0800197d   Thumb Code   146  stm32f10x_usart.o(.text)
    USART_Init                               0x08001a0f   Thumb Code   150  stm32f10x_usart.o(.text)
    USART_StructInit                         0x08001aa5   Thumb Code    24  stm32f10x_usart.o(.text)
    USART_ClockInit                          0x08001abd   Thumb Code    34  stm32f10x_usart.o(.text)
    USART_ClockStructInit                    0x08001adf   Thumb Code    12  stm32f10x_usart.o(.text)
    USART_Cmd                                0x08001aeb   Thumb Code    24  stm32f10x_usart.o(.text)
    USART_ITConfig                           0x08001b03   Thumb Code    64  stm32f10x_usart.o(.text)
    USART_DMACmd                             0x08001b43   Thumb Code    18  stm32f10x_usart.o(.text)
    USART_SetAddress                         0x08001b55   Thumb Code    18  stm32f10x_usart.o(.text)
    USART_WakeUpConfig                       0x08001b67   Thumb Code    18  stm32f10x_usart.o(.text)
    USART_ReceiverWakeUpCmd                  0x08001b79   Thumb Code    24  stm32f10x_usart.o(.text)
    USART_LINBreakDetectLengthConfig         0x08001b91   Thumb Code    18  stm32f10x_usart.o(.text)
    USART_LINCmd                             0x08001ba3   Thumb Code    24  stm32f10x_usart.o(.text)
    USART_SendData                           0x08001bbb   Thumb Code     8  stm32f10x_usart.o(.text)
    USART_ReceiveData                        0x08001bc3   Thumb Code    10  stm32f10x_usart.o(.text)
    USART_SendBreak                          0x08001bcd   Thumb Code    10  stm32f10x_usart.o(.text)
    USART_SetGuardTime                       0x08001bd7   Thumb Code    16  stm32f10x_usart.o(.text)
    USART_SetPrescaler                       0x08001be7   Thumb Code    16  stm32f10x_usart.o(.text)
    USART_SmartCardCmd                       0x08001bf7   Thumb Code    24  stm32f10x_usart.o(.text)
    USART_SmartCardNACKCmd                   0x08001c0f   Thumb Code    24  stm32f10x_usart.o(.text)
    USART_HalfDuplexCmd                      0x08001c27   Thumb Code    24  stm32f10x_usart.o(.text)
    USART_IrDAConfig                         0x08001c3f   Thumb Code    18  stm32f10x_usart.o(.text)
    USART_IrDACmd                            0x08001c51   Thumb Code    24  stm32f10x_usart.o(.text)
    USART_GetFlagStatus                      0x08001c69   Thumb Code    18  stm32f10x_usart.o(.text)
    USART_ClearFlag                          0x08001c7b   Thumb Code     6  stm32f10x_usart.o(.text)
    USART_GetITStatus                        0x08001c81   Thumb Code    76  stm32f10x_usart.o(.text)
    USART_ClearITPendingBit                  0x08001ccd   Thumb Code    20  stm32f10x_usart.o(.text)
    EXTI_DeInit                              0x08001ced   Thumb Code    28  stm32f10x_exti.o(.text)
    EXTI_Init                                0x08001d09   Thumb Code   174  stm32f10x_exti.o(.text)
    EXTI_StructInit                          0x08001db7   Thumb Code    16  stm32f10x_exti.o(.text)
    EXTI_GenerateSWInterrupt                 0x08001dc7   Thumb Code    16  stm32f10x_exti.o(.text)
    EXTI_GetFlagStatus                       0x08001dd7   Thumb Code    22  stm32f10x_exti.o(.text)
    EXTI_ClearFlag                           0x08001ded   Thumb Code     8  stm32f10x_exti.o(.text)
    EXTI_GetITStatus                         0x08001df5   Thumb Code    34  stm32f10x_exti.o(.text)
    EXTI_ClearITPendingBit                   0x08001e17   Thumb Code     8  stm32f10x_exti.o(.text)
    SystemInit                               0x08001f11   Thumb Code    68  system_stm32f10x.o(.text)
    delay_init                               0x08001f65   Thumb Code    52  delay.o(.text)
    delay_ms                                 0x08001f99   Thumb Code    56  delay.o(.text)
    delay_us                                 0x08001fd1   Thumb Code    56  delay.o(.text)
    _sys_exit                                0x08002011   Thumb Code     4  usart.o(.text)
    fputc                                    0x08002015   Thumb Code    32  usart.o(.text)
    uart_init                                0x08002035   Thumb Code   152  usart.o(.text)
    NVIC_Configuration                       0x080020d5   Thumb Code    12  sys.o(.text)
    zeroback                                 0x080020e1   Thumb Code    52  seek.o(.text)
    GPIO_init                                0x08002115   Thumb Code    68  seek.o(.text)
    EXIT_ZERO_Config                         0x08002159   Thumb Code   108  seek.o(.text)
    uart2_init                               0x080021d5   Thumb Code   156  usart2.o(.text)
    UART2_send_byte                          0x08002271   Thumb Code    22  usart2.o(.text)
    UART2_Send                               0x08002287   Thumb Code    34  usart2.o(.text)
    USART2_Puts                              0x080022a9   Thumb Code    38  usart2.o(.text)
    WriteUart2Buff                           0x080022cf   Thumb Code    32  usart2.o(.text)
    USART2_IRQHandler                        0x080022ef   Thumb Code    38  usart2.o(.text)
    ClearUart2                               0x08002315   Thumb Code    20  usart2.o(.text)
    strcmp_str                               0x08002329   Thumb Code    36  usart2.o(.text)
    __scatterload                            0x0800235d   Thumb Code    28  init.o(.text)
    __scatterload_rt2                        0x0800235d   Thumb Code     0  init.o(.text)
    __scatterload_copy                       0x08002381   Thumb Code    14  handlers.o(i.__scatterload_copy)
    __scatterload_null                       0x0800238f   Thumb Code     2  handlers.o(i.__scatterload_null)
    __scatterload_zeroinit                   0x08002391   Thumb Code    14  handlers.o(i.__scatterload_zeroinit)
    Region$$Table$$Base                      0x080023a0   Number         0  anon$$obj.o(Region$$Table)
    Region$$Table$$Limit                     0x080023c0   Number         0  anon$$obj.o(Region$$Table)
    RxCount                                  0x20000000   Data           1  main.o(.data)
    pre_cnt_rs                               0x20000001   Data           1  main.o(.data)
    tim3_count                               0x20000002   Data           1  main.o(.data)
    Mk_UsartAll                              0x20000003   Data           1  main.o(.data)
    speed                                    0x20000004   Data           4  main.o(.data)
    angle                                    0x20000008   Data           4  main.o(.data)
    zero_flag                                0x2000000c   Data           1  main.o(.data)
    scanflag                                 0x2000000d   Data           1  main.o(.data)
    RxBuffer                                 0x20000028   Data          15  main.o(.bss)
    __initial_sp                             0x20000238   Data           0  startup_stm32f10x_md.o(STACK)



==============================================================================

Memory Map of the image

  Image Entry point : 0x080000ed

  Load Region LR_IROM1 (Base: 0x08000000, Size: 0x000023e8, Max: 0x00010000, ABSOLUTE)

    Execution Region ER_IROM1 (Base: 0x08000000, Size: 0x000023c0, Max: 0x00010000, ABSOLUTE)

    Base Addr    Size         Type   Attr      Idx    E Section Name        Object

    0x08000000   0x000000ec   Data   RO            3    RESET               startup_stm32f10x_md.o
    0x080000ec   0x00000000   Code   RO          314  * .ARM.Collect$$$$00000000  mc_w.l(entry.o)
    0x080000ec   0x00000004   Code   RO          317    .ARM.Collect$$$$00000001  mc_w.l(entry2.o)
    0x080000f0   0x00000004   Code   RO          320    .ARM.Collect$$$$00000004  mc_w.l(entry5.o)
    0x080000f4   0x00000000   Code   RO          322    .ARM.Collect$$$$00000008  mc_w.l(entry7b.o)
    0x080000f4   0x00000000   Code   RO          324    .ARM.Collect$$$$0000000A  mc_w.l(entry8b.o)
    0x080000f4   0x00000008   Code   RO          325    .ARM.Collect$$$$0000000B  mc_w.l(entry9a.o)
    0x080000fc   0x00000000   Code   RO          327    .ARM.Collect$$$$0000000D  mc_w.l(entry10a.o)
    0x080000fc   0x00000000   Code   RO          329    .ARM.Collect$$$$0000000F  mc_w.l(entry11a.o)
    0x080000fc   0x00000004   Code   RO          318    .ARM.Collect$$$$00002712  mc_w.l(entry2.o)
    0x08000100   0x0000001c   Code   RO            4    .text               startup_stm32f10x_md.o
    0x0800011c   0x00000314   Code   RO           10    .text               main.o
    0x08000430   0x0000001a   Code   RO           98    .text               stm32f10x_it.o
    0x0800044a   0x00000002   PAD
    0x0800044c   0x000001bc   Code   RO          113    .text               timer.o
    0x08000608   0x000000dc   Code   RO          125    .text               misc.o
    0x080006e4   0x00000bc6   Code   RO          137    .text               stm32f10x_tim.o
    0x080012aa   0x00000002   PAD
    0x080012ac   0x00000330   Code   RO          149    .text               stm32f10x_gpio.o
    0x080015dc   0x000003a0   Code   RO          161    .text               stm32f10x_rcc.o
    0x0800197c   0x00000370   Code   RO          187    .text               stm32f10x_usart.o
    0x08001cec   0x00000140   Code   RO          199    .text               stm32f10x_exti.o
    0x08001e2c   0x00000138   Code   RO          221    .text               system_stm32f10x.o
    0x08001f64   0x000000ac   Code   RO          239    .text               delay.o
    0x08002010   0x000000c4   Code   RO          253    .text               usart.o
    0x080020d4   0x0000000c   Code   RO          273    .text               sys.o
    0x080020e0   0x000000f4   Code   RO          285    .text               seek.o
    0x080021d4   0x00000188   Code   RO          301    .text               usart2.o
    0x0800235c   0x00000024   Code   RO          331    .text               mc_w.l(init.o)
    0x08002380   0x0000000e   Code   RO          335    i.__scatterload_copy  mc_w.l(handlers.o)
    0x0800238e   0x00000002   Code   RO          336    i.__scatterload_null  mc_w.l(handlers.o)
    0x08002390   0x0000000e   Code   RO          337    i.__scatterload_zeroinit  mc_w.l(handlers.o)
    0x0800239e   0x00000002   PAD
    0x080023a0   0x00000020   Data   RO          333    Region$$Table       anon$$obj.o


    Execution Region RW_IRAM1 (Base: 0x20000000, Size: 0x00000238, Max: 0x00005000, ABSOLUTE)

    Base Addr    Size         Type   Attr      Idx    E Section Name        Object

    0x20000000   0x0000000e   Data   RW           12    .data               main.o
    0x2000000e   0x00000014   Data   RW          162    .data               stm32f10x_rcc.o
    0x20000022   0x00000004   Data   RW          240    .data               delay.o
    0x20000026   0x00000002   PAD
    0x20000028   0x0000000f   Zero   RW           11    .bss                main.o
    0x20000037   0x00000001   PAD
    0x20000038   0x00000200   Zero   RW            1    STACK               startup_stm32f10x_md.o


==============================================================================

Image component sizes


      Code (inc. data)   RO Data    RW Data    ZI Data      Debug   Object Name

       172          8          0          4          0        975   delay.o
       788        106          0         14         15     253415   main.o
       220         22          0          0          0       1641   misc.o
       244         16          0          0          0        854   seek.o
        28          4        236          0        512        788   startup_stm32f10x_md.o
       320         14          0          0          0       2055   stm32f10x_exti.o
       816         18          0          0          0       5099   stm32f10x_gpio.o
        26          0          0          0          0       1138   stm32f10x_it.o
       928         36          0         20          0       8696   stm32f10x_rcc.o
      3014         16          0          0          0      24420   stm32f10x_tim.o
       880         12          0          0          0       7731   stm32f10x_usart.o
        12          0          0          0          0        397   sys.o
       312         16          0          0          0       1077   system_stm32f10x.o
       444         12          0          0          0       1623   timer.o
       196          8          0          0          0       2515   usart.o
       392         16          0          0          0       2422   usart2.o

    ----------------------------------------------------------------------
      8796        304        268         40        528     314846   Object Totals
         0          0         32          0          0          0   (incl. Generated)
         4          0          0          2          1          0   (incl. Padding)

    ----------------------------------------------------------------------

      Code (inc. data)   RO Data    RW Data    ZI Data      Debug   Library Member Name

         0          0          0          0          0          0   entry.o
         0          0          0          0          0          0   entry10a.o
         0          0          0          0          0          0   entry11a.o
         8          4          0          0          0          0   entry2.o
         4          0          0          0          0          0   entry5.o
         0          0          0          0          0          0   entry7b.o
         0          0          0          0          0          0   entry8b.o
         8          4          0          0          0          0   entry9a.o
        30          0          0          0          0          0   handlers.o
        36          8          0          0          0         68   init.o

    ----------------------------------------------------------------------
        88         16          0          0          0         68   Library Totals
         2          0          0          0          0          0   (incl. Padding)

    ----------------------------------------------------------------------

      Code (inc. data)   RO Data    RW Data    ZI Data      Debug   Library Name

        86         16          0          0          0         68   mc_w.l

    ----------------------------------------------------------------------
        88         16          0          0          0         68   Library Totals

    ----------------------------------------------------------------------

==============================================================================


      Code (inc. data)   RO Data    RW Data    ZI Data      Debug   

      8884        320        268         40        528     313714   Grand Totals
      8884        320        268         40        528     313714   ELF Image Totals
      8884        320        268         40          0          0   ROM Totals

==============================================================================

    Total RO  Size (Code + RO Data)                 9152 (   8.94kB)
    Total RW  Size (RW Data + ZI Data)               568 (   0.55kB)
    Total ROM Size (Code + RO Data + RW Data)       9192 (   8.98kB)

==============================================================================

