<html>
<body>
<pre>
<h1>礦ision Build Log</h1>
<h2>Project:</h2>
F:\robolider软件\Robolider Pro程序 - 副本\USER\TIM3_PWM.uvproj
Project File Date:  07/08/2016

<h2>Output:</h2>
Build target 'TIM3_PWM'
compiling main.c...
linking...
Program Size: Code=7900 RO-data=268 RW-data=56 ZI-data=592  
FromELF: creating hex file...
"..\Output\TIM3_PWM.axf" - 0 Error(s), 0 Warning(s).
Build target 'TIM3_PWM'
linking...
Program Size: Code=7900 RO-data=268 RW-data=56 ZI-data=592  
FromELF: creating hex file...
"..\Output\TIM3_PWM.axf" - 0 Error(s), 0 Warning(s).
Build target 'TIM3_PWM'
linking...
Program Size: Code=7900 RO-data=268 RW-data=56 ZI-data=592  
FromELF: creating hex file...
"..\Output\TIM3_PWM.axf" - 0 Error(s), 0 Warning(s).
